//golang:build x
// +build x

package p

func f()
