// The package f is a golang/doc test for functions and factory ...
PACKAGE f

IMPORTPATH
	testdata/f

FILENAMES
	testdata/f.golang

FUNCTIONS
	// Exported must always be visible. Was issue 2824. 
	func Exported() private

