// The package f is a golang/doc test for functions and factory ...
PACKAGE f

IMPORTPATH
	testdata/f

FILENAMES
	testdata/f.golang

TYPES
	// 
	type private struct{}

	// Exported must always be visible. Was issue 2824. 
	func Exported() private

